[0m12:18:48.709859 [debug] [MainThread]: Sending event: {'category': 'dbt', 'action': 'invocation', 'label': 'start', 'context': [<snowplow_tracker.self_describing_json.SelfDescribingJson object at 0x78ee8dd6a530>, <snowplow_tracker.self_describing_json.SelfDescribingJson object at 0x78ee8bccc310>, <snowplow_tracker.self_describing_json.SelfDescribingJson object at 0x78ee8bccc2e0>]}


============================== 12:18:48.716928 | 430cf01d-397c-4abf-8f18-ece62f40e932 ==============================
[0m12:18:48.716928 [info ] [MainThread]: Running with dbt=1.6.1
[0m12:18:48.717583 [debug] [MainThread]: running dbt with arguments {'cache_selected_only': 'False', 'introspect': 'True', 'use_experimental_parser': 'False', 'version_check': 'True', 'profiles_dir': '/home/vscode/.dbt', 'invocation_command': 'dbt init', 'debug': 'False', 'printer_width': '80', 'warn_error': 'None', 'target_path': 'None', 'fail_fast': 'False', 'static_parser': 'True', 'use_colors': 'True', 'warn_error_options': 'WarnErrorOptions(include=[], exclude=[])', 'log_format': 'default', 'indirect_selection': 'eager', 'write_json': 'True', 'log_path': 'logs', 'log_cache_events': 'False', 'no_print': 'None', 'quiet': 'False', 'send_anonymous_usage_stats': 'True', 'partial_parse': 'True'}
[0m12:18:48.718079 [warn ] [MainThread]: [ConfigFolderDirectory]: Unable to parse dict {'dir': PosixPath('/home/vscode/.dbt')}
[0m12:18:48.718496 [info ] [MainThread]: Creating dbt configuration folder at 
[0m12:19:15.519586 [debug] [MainThread]: Starter project path: /home/vscode/.local/lib/python3.10/site-packages/dbt/include/starter_project
[0m12:19:15.528382 [info ] [MainThread]: 
Your new dbt project "nyc_parking_violations" was created!

For more information on how to configure the profiles.yml file,
please consult the dbt documentation here:

  https://docs.getdbt.com/docs/configure-your-profile

One more thing:

Need help? Don't hesitate to reach out to us via GitHub issues or on Slack:

  https://community.getdbt.com/

Happy modeling!

[0m12:19:15.529001 [info ] [MainThread]: Setting up your profile.
[0m12:19:21.511598 [info ] [MainThread]: No sample profile found for duckdb.
[0m12:19:21.512414 [debug] [MainThread]: Command `dbt init` succeeded at 12:19:21.512237 after 32.81 seconds
[0m12:19:21.512852 [debug] [MainThread]: Sending event: {'category': 'dbt', 'action': 'invocation', 'label': 'end', 'context': [<snowplow_tracker.self_describing_json.SelfDescribingJson object at 0x78ee8dd6a530>, <snowplow_tracker.self_describing_json.SelfDescribingJson object at 0x78ee8bb3dde0>, <snowplow_tracker.self_describing_json.SelfDescribingJson object at 0x78ee8bb3dff0>]}
[0m12:19:21.513321 [debug] [MainThread]: Flushing usage events
